CVE-2005-3184 ethereal (fixed, remotely exploitable, medium urgency)
CVE-2005-3184 ethereal-common (fixed, remotely exploitable, medium urgency)
CVE-2005-3184 tethereal (fixed, remotely exploitable, medium urgency)
CVE-2005-3241 ethereal (fixed, remotely exploitable, medium urgency)
CVE-2005-3241 ethereal-common (fixed, remotely exploitable, medium urgency)
CVE-2005-3241 tethereal (fixed, remotely exploitable, medium urgency)
CVE-2005-3242 ethereal (fixed, remotely exploitable, medium urgency)
CVE-2005-3242 ethereal-common (fixed, remotely exploitable, medium urgency)
CVE-2005-3242 tethereal (fixed, remotely exploitable, medium urgency)
CVE-2005-3243 ethereal (fixed, remotely exploitable, medium urgency)
CVE-2005-3243 ethereal-common (fixed, remotely exploitable, medium urgency)
CVE-2005-3243 tethereal (fixed, remotely exploitable, medium urgency)
CVE-2005-3244 ethereal (fixed, remotely exploitable, medium urgency)
CVE-2005-3244 ethereal-common (fixed, remotely exploitable, medium urgency)
CVE-2005-3244 tethereal (fixed, remotely exploitable, medium urgency)
CVE-2005-3245 ethereal (fixed, remotely exploitable, medium urgency)
CVE-2005-3245 ethereal-common (fixed, remotely exploitable, medium urgency)
CVE-2005-3245 tethereal (fixed, remotely exploitable, medium urgency)
CVE-2005-3246 ethereal (fixed, remotely exploitable, medium urgency)
CVE-2005-3246 ethereal-common (fixed, remotely exploitable, medium urgency)
CVE-2005-3246 tethereal (fixed, remotely exploitable, medium urgency)
CVE-2005-3247 ethereal (fixed, remotely exploitable, medium urgency)
CVE-2005-3247 ethereal-common (fixed, remotely exploitable, medium urgency)
CVE-2005-3247 tethereal (fixed, remotely exploitable, medium urgency)
CVE-2005-3248 ethereal (fixed, remotely exploitable, medium urgency)
CVE-2005-3248 ethereal-common (fixed, remotely exploitable, medium urgency)
CVE-2005-3248 tethereal (fixed, remotely exploitable, medium urgency)
CVE-2005-3249 ethereal (fixed, remotely exploitable, medium urgency)
CVE-2005-3249 ethereal-common (fixed, remotely exploitable, medium urgency)
CVE-2005-3249 tethereal (fixed, remotely exploitable, medium urgency)
CVE-2005-3313 ethereal (remotely exploitable, medium urgency)
CVE-2005-3313 ethereal-common (remotely exploitable, medium urgency)
CVE-2005-3313 tethereal (remotely exploitable, medium urgency)
CVE-2005-3651 ethereal (remotely exploitable, medium urgency)
CVE-2005-3651 ethereal-common (remotely exploitable, medium urgency)
CVE-2005-3651 tethereal (remotely exploitable, medium urgency)
