CVE-2005-2360 ethereal-common (fixed, remotely exploitable, low urgency)
CVE-2005-2361 ethereal-common (fixed, remotely exploitable, low urgency)
CVE-2005-2362 ethereal-common (remotely exploitable, low urgency)
CVE-2005-2363 ethereal-common (fixed, remotely exploitable, low urgency)
CVE-2005-2364 ethereal-common (fixed, remotely exploitable, low urgency)
CVE-2005-2365 ethereal-common (fixed, remotely exploitable, low urgency)
CVE-2005-2366 ethereal-common (fixed, remotely exploitable, low urgency)
CVE-2005-2367 ethereal-common (fixed, remotely exploitable, medium urgency)
CVE-2005-3184 ethereal (remotely exploitable, medium urgency)
CVE-2005-3184 ethereal-common (remotely exploitable, medium urgency)
CVE-2005-3184 tethereal (remotely exploitable, medium urgency)
CVE-2005-3241 ethereal (remotely exploitable, medium urgency)
CVE-2005-3241 ethereal-common (remotely exploitable, medium urgency)
CVE-2005-3241 tethereal (remotely exploitable, medium urgency)
CVE-2005-3242 ethereal (remotely exploitable, medium urgency)
CVE-2005-3242 ethereal-common (remotely exploitable, medium urgency)
CVE-2005-3242 tethereal (remotely exploitable, medium urgency)
CVE-2005-3243 ethereal (remotely exploitable, medium urgency)
CVE-2005-3243 ethereal-common (remotely exploitable, medium urgency)
CVE-2005-3243 tethereal (remotely exploitable, medium urgency)
CVE-2005-3244 ethereal (remotely exploitable, medium urgency)
CVE-2005-3244 ethereal-common (remotely exploitable, medium urgency)
CVE-2005-3244 tethereal (remotely exploitable, medium urgency)
CVE-2005-3245 ethereal (remotely exploitable, medium urgency)
CVE-2005-3245 ethereal-common (remotely exploitable, medium urgency)
CVE-2005-3245 tethereal (remotely exploitable, medium urgency)
CVE-2005-3246 ethereal (remotely exploitable, medium urgency)
CVE-2005-3246 ethereal-common (remotely exploitable, medium urgency)
CVE-2005-3246 tethereal (remotely exploitable, medium urgency)
CVE-2005-3247 ethereal (remotely exploitable, medium urgency)
CVE-2005-3247 ethereal-common (remotely exploitable, medium urgency)
CVE-2005-3247 tethereal (remotely exploitable, medium urgency)
CVE-2005-3248 ethereal (remotely exploitable, medium urgency)
CVE-2005-3248 ethereal-common (remotely exploitable, medium urgency)
CVE-2005-3248 tethereal (remotely exploitable, medium urgency)
CVE-2005-3249 ethereal (remotely exploitable, medium urgency)
CVE-2005-3249 ethereal-common (remotely exploitable, medium urgency)
CVE-2005-3249 tethereal (remotely exploitable, medium urgency)
CVE-2005-3313 ethereal (remotely exploitable, medium urgency)
CVE-2005-3313 ethereal-common (remotely exploitable, medium urgency)
CVE-2005-3313 tethereal (remotely exploitable, medium urgency)
CVE-2005-3651 ethereal (fixed, remotely exploitable, medium urgency)
CVE-2005-3651 ethereal-common (fixed, remotely exploitable, medium urgency)
CVE-2005-3651 tethereal (fixed, remotely exploitable, medium urgency)
